Archive member included to satisfy reference by file (symbol)

d:/programs/7.0/toolchain/avr8/avr8-gnu-toolchain/bin/../lib/gcc/avr/5.4.0/../../../../avr/lib/avr5\libm.a(addsf3.o)
                              Mcal/Timer1/Timer1.o (__subsf3)
d:/programs/7.0/toolchain/avr8/avr8-gnu-toolchain/bin/../lib/gcc/avr/5.4.0/../../../../avr/lib/avr5\libm.a(addsf3x.o)
                              d:/programs/7.0/toolchain/avr8/avr8-gnu-toolchain/bin/../lib/gcc/avr/5.4.0/../../../../avr/lib/avr5\libm.a(addsf3.o) (__addsf3x)
d:/programs/7.0/toolchain/avr8/avr8-gnu-toolchain/bin/../lib/gcc/avr/5.4.0/../../../../avr/lib/avr5\libm.a(divsf3.o)
                              Hal/Servo/Servo.o (__divsf3)
d:/programs/7.0/toolchain/avr8/avr8-gnu-toolchain/bin/../lib/gcc/avr/5.4.0/../../../../avr/lib/avr5\libm.a(divsf3x.o)
                              d:/programs/7.0/toolchain/avr8/avr8-gnu-toolchain/bin/../lib/gcc/avr/5.4.0/../../../../avr/lib/avr5\libm.a(divsf3.o) (__divsf3x)
d:/programs/7.0/toolchain/avr8/avr8-gnu-toolchain/bin/../lib/gcc/avr/5.4.0/../../../../avr/lib/avr5\libm.a(fixunssfsi.o)
                              Mcal/Timer1/Timer1.o (__fixunssfsi)
d:/programs/7.0/toolchain/avr8/avr8-gnu-toolchain/bin/../lib/gcc/avr/5.4.0/../../../../avr/lib/avr5\libm.a(floatsisf.o)
                              Mcal/Timer1/Timer1.o (__floatunsisf)
d:/programs/7.0/toolchain/avr8/avr8-gnu-toolchain/bin/../lib/gcc/avr/5.4.0/../../../../avr/lib/avr5\libm.a(fp_inf.o)
                              d:/programs/7.0/toolchain/avr8/avr8-gnu-toolchain/bin/../lib/gcc/avr/5.4.0/../../../../avr/lib/avr5\libm.a(addsf3x.o) (__fp_inf)
d:/programs/7.0/toolchain/avr8/avr8-gnu-toolchain/bin/../lib/gcc/avr/5.4.0/../../../../avr/lib/avr5\libm.a(fp_nan.o)
                              d:/programs/7.0/toolchain/avr8/avr8-gnu-toolchain/bin/../lib/gcc/avr/5.4.0/../../../../avr/lib/avr5\libm.a(addsf3x.o) (__fp_nan)
d:/programs/7.0/toolchain/avr8/avr8-gnu-toolchain/bin/../lib/gcc/avr/5.4.0/../../../../avr/lib/avr5\libm.a(fp_pscA.o)
                              d:/programs/7.0/toolchain/avr8/avr8-gnu-toolchain/bin/../lib/gcc/avr/5.4.0/../../../../avr/lib/avr5\libm.a(addsf3x.o) (__fp_pscA)
d:/programs/7.0/toolchain/avr8/avr8-gnu-toolchain/bin/../lib/gcc/avr/5.4.0/../../../../avr/lib/avr5\libm.a(fp_pscB.o)
                              d:/programs/7.0/toolchain/avr8/avr8-gnu-toolchain/bin/../lib/gcc/avr/5.4.0/../../../../avr/lib/avr5\libm.a(addsf3x.o) (__fp_pscB)
d:/programs/7.0/toolchain/avr8/avr8-gnu-toolchain/bin/../lib/gcc/avr/5.4.0/../../../../avr/lib/avr5\libm.a(fp_round.o)
                              d:/programs/7.0/toolchain/avr8/avr8-gnu-toolchain/bin/../lib/gcc/avr/5.4.0/../../../../avr/lib/avr5\libm.a(addsf3.o) (__fp_round)
d:/programs/7.0/toolchain/avr8/avr8-gnu-toolchain/bin/../lib/gcc/avr/5.4.0/../../../../avr/lib/avr5\libm.a(fp_split3.o)
                              d:/programs/7.0/toolchain/avr8/avr8-gnu-toolchain/bin/../lib/gcc/avr/5.4.0/../../../../avr/lib/avr5\libm.a(addsf3x.o) (__fp_split3)
d:/programs/7.0/toolchain/avr8/avr8-gnu-toolchain/bin/../lib/gcc/avr/5.4.0/../../../../avr/lib/avr5\libm.a(fp_zero.o)
                              d:/programs/7.0/toolchain/avr8/avr8-gnu-toolchain/bin/../lib/gcc/avr/5.4.0/../../../../avr/lib/avr5\libm.a(addsf3x.o) (__fp_zero)
d:/programs/7.0/toolchain/avr8/avr8-gnu-toolchain/bin/../lib/gcc/avr/5.4.0/../../../../avr/lib/avr5\libm.a(mulsf3.o)
                              Hal/Servo/Servo.o (__mulsf3)
d:/programs/7.0/toolchain/avr8/avr8-gnu-toolchain/bin/../lib/gcc/avr/5.4.0/../../../../avr/lib/avr5\libm.a(mulsf3x.o)
                              d:/programs/7.0/toolchain/avr8/avr8-gnu-toolchain/bin/../lib/gcc/avr/5.4.0/../../../../avr/lib/avr5\libm.a(mulsf3.o) (__mulsf3x)
d:/programs/7.0/toolchain/avr8/avr8-gnu-toolchain/bin/../lib/gcc/avr/5.4.0/avr5\libgcc.a(_divmodhi4.o)
                              Mcal/Timer0/Timer0.o (__divmodhi4)
d:/programs/7.0/toolchain/avr8/avr8-gnu-toolchain/bin/../lib/gcc/avr/5.4.0/avr5\libgcc.a(_udivmodsi4.o)
                              Hal/Lcd/Lcd.o (__udivmodsi4)
d:/programs/7.0/toolchain/avr8/avr8-gnu-toolchain/bin/../lib/gcc/avr/5.4.0/avr5\libgcc.a(_divmodsi4.o)
                              Hal/Lcd/Lcd.o (__divmodsi4)
d:/programs/7.0/toolchain/avr8/avr8-gnu-toolchain/bin/../lib/gcc/avr/5.4.0/avr5\libgcc.a(_negsi2.o)
                              d:/programs/7.0/toolchain/avr8/avr8-gnu-toolchain/bin/../lib/gcc/avr/5.4.0/avr5\libgcc.a(_divmodsi4.o) (__negsi2)
d:/programs/7.0/toolchain/avr8/avr8-gnu-toolchain/bin/../lib/gcc/avr/5.4.0/avr5\libgcc.a(_exit.o)
                              D:/Programs/7.0/Packs/atmel/ATmega_DFP/1.6.364/gcc/dev/atmega32/avr5/crtatmega32.o (exit)
d:/programs/7.0/toolchain/avr8/avr8-gnu-toolchain/bin/../lib/gcc/avr/5.4.0/avr5\libgcc.a(_tablejump2.o)
                              App/main.o (__tablejump2__)
d:/programs/7.0/toolchain/avr8/avr8-gnu-toolchain/bin/../lib/gcc/avr/5.4.0/avr5\libgcc.a(_copy_data.o)
                              App/main.o (__do_copy_data)
d:/programs/7.0/toolchain/avr8/avr8-gnu-toolchain/bin/../lib/gcc/avr/5.4.0/avr5\libgcc.a(_clear_bss.o)
                              App/main.o (__do_clear_bss)
d:/programs/7.0/toolchain/avr8/avr8-gnu-toolchain/bin/../lib/gcc/avr/5.4.0/avr5\libgcc.a(_umulhisi3.o)
                              Hal/LM35/Lm35.o (__umulhisi3)
d:/programs/7.0/toolchain/avr8/avr8-gnu-toolchain/bin/../lib/gcc/avr/5.4.0/avr5\libgcc.a(_muluhisi3.o)
                              Hal/Lcd/Lcd.o (__muluhisi3)
d:/programs/7.0/toolchain/avr8/avr8-gnu-toolchain/bin/../lib/gcc/avr/5.4.0/avr5\libgcc.a(_udivmodhi4.o)
                              d:/programs/7.0/toolchain/avr8/avr8-gnu-toolchain/bin/../lib/gcc/avr/5.4.0/avr5\libgcc.a(_divmodhi4.o) (__udivmodhi4)

Allocating common symbols
Common symbol       size              file

Adc_void_CallBack   0x2               Mcal/Adc/Adc.o

Discarded input sections

 .data          0x00000000        0x0 D:/Programs/7.0/Packs/atmel/ATmega_DFP/1.6.364/gcc/dev/atmega32/avr5/crtatmega32.o
 .bss           0x00000000        0x0 D:/Programs/7.0/Packs/atmel/ATmega_DFP/1.6.364/gcc/dev/atmega32/avr5/crtatmega32.o
 .text          0x00000000        0x0 App/main.o
 .data          0x00000000        0x0 App/main.o
 .bss           0x00000000        0x0 App/main.o
 .text.CheckEEPROM
                0x00000000       0x3a App/main.o
 .text          0x00000000        0x0 Hal/Buzzer/Buzzer.o
 .data          0x00000000        0x0 Hal/Buzzer/Buzzer.o
 .bss           0x00000000        0x0 Hal/Buzzer/Buzzer.o
 .text.H_Buzzer_Beeb
                0x00000000       0x24 Hal/Buzzer/Buzzer.o
 .text.H_Buzzer_Tog
                0x00000000        0x8 Hal/Buzzer/Buzzer.o
 .text          0x00000000        0x0 Hal/DcMotor/DcMotor.o
 .data          0x00000000        0x0 Hal/DcMotor/DcMotor.o
 .bss           0x00000000        0x0 Hal/DcMotor/DcMotor.o
 .text          0x00000000        0x0 Hal/EEPROM/Eeprom.o
 .data          0x00000000        0x0 Hal/EEPROM/Eeprom.o
 .bss           0x00000000        0x0 Hal/EEPROM/Eeprom.o
 .text          0x00000000        0x0 Hal/Hc05/Hc05.o
 .data          0x00000000        0x0 Hal/Hc05/Hc05.o
 .bss           0x00000000        0x0 Hal/Hc05/Hc05.o
 .text          0x00000000        0x0 Hal/Keypad/KeyPad.o
 .data          0x00000000        0x0 Hal/Keypad/KeyPad.o
 .bss           0x00000000        0x0 Hal/Keypad/KeyPad.o
 .text          0x00000000        0x0 Hal/Lcd/Lcd.o
 .data          0x00000000        0x0 Hal/Lcd/Lcd.o
 .bss           0x00000000        0x0 Hal/Lcd/Lcd.o
 .text          0x00000000        0x0 Hal/Led/Led.o
 .data          0x00000000        0x0 Hal/Led/Led.o
 .bss           0x00000000        0x0 Hal/Led/Led.o
 .text.H_Led_Blink
                0x00000000       0x28 Hal/Led/Led.o
 .text.H_Led_Tog
                0x00000000        0x6 Hal/Led/Led.o
 .text          0x00000000        0x0 Hal/LM35/Lm35.o
 .data          0x00000000        0x0 Hal/LM35/Lm35.o
 .bss           0x00000000        0x0 Hal/LM35/Lm35.o
 .text          0x00000000        0x0 Hal/PushButton/PushButton.o
 .data          0x00000000        0x0 Hal/PushButton/PushButton.o
 .bss           0x00000000        0x0 Hal/PushButton/PushButton.o
 .text          0x00000000        0x0 Hal/Relay/Relay.o
 .data          0x00000000        0x0 Hal/Relay/Relay.o
 .bss           0x00000000        0x0 Hal/Relay/Relay.o
 .text          0x00000000        0x0 Hal/Servo/Servo.o
 .data          0x00000000        0x0 Hal/Servo/Servo.o
 .bss           0x00000000        0x0 Hal/Servo/Servo.o
 .text.H_Servo_TurnOff
                0x00000000        0x6 Hal/Servo/Servo.o
 .text          0x00000000        0x0 Mcal/Adc/Adc.o
 .data          0x00000000        0x0 Mcal/Adc/Adc.o
 .bss           0x00000000        0x0 Mcal/Adc/Adc.o
 .text.M_Adc_SetCallBackAdc
                0x00000000        0xa Mcal/Adc/Adc.o
 COMMON         0x00000000        0x2 Mcal/Adc/Adc.o
 .text          0x00000000        0x0 Mcal/Dio/Dio.o
 .data          0x00000000        0x0 Mcal/Dio/Dio.o
 .bss           0x00000000        0x0 Mcal/Dio/Dio.o
 .text.M_Dio_PinTog
                0x00000000       0x94 Mcal/Dio/Dio.o
 .text          0x00000000        0x0 Mcal/ExtInt/ExtInt.o
 .data          0x00000000        0x0 Mcal/ExtInt/ExtInt.o
 .bss           0x00000000        0x0 Mcal/ExtInt/ExtInt.o
 .text.M_ExtInt_Init
                0x00000000       0x5c Mcal/ExtInt/ExtInt.o
 .text.M_ExtInt_SetCallBackInt0
                0x00000000        0xa Mcal/ExtInt/ExtInt.o
 .text.M_ExtInt_SetCallBackInt1
                0x00000000        0xa Mcal/ExtInt/ExtInt.o
 .text.M_ExtInt_SetCallBackInt2
                0x00000000        0xa Mcal/ExtInt/ExtInt.o
 .bss.ExtInt_void_CallBackInt2
                0x00000000        0x2 Mcal/ExtInt/ExtInt.o
 .bss.ExtInt_void_CallBackInt1
                0x00000000        0x2 Mcal/ExtInt/ExtInt.o
 .bss.ExtInt_void_CallBackInt0
                0x00000000        0x2 Mcal/ExtInt/ExtInt.o
 .debug_info    0x00000000      0x1c6 Mcal/ExtInt/ExtInt.o
 .debug_abbrev  0x00000000       0xb7 Mcal/ExtInt/ExtInt.o
 .debug_loc     0x00000000       0x53 Mcal/ExtInt/ExtInt.o
 .debug_aranges
                0x00000000       0x38 Mcal/ExtInt/ExtInt.o
 .debug_ranges  0x00000000       0x28 Mcal/ExtInt/ExtInt.o
 .debug_line    0x00000000      0x137 Mcal/ExtInt/ExtInt.o
 .debug_str     0x00000000      0x297 Mcal/ExtInt/ExtInt.o
 .comment       0x00000000       0x31 Mcal/ExtInt/ExtInt.o
 .debug_frame   0x00000000       0x54 Mcal/ExtInt/ExtInt.o
 .text          0x00000000        0x0 Mcal/I2C/I2c.o
 .data          0x00000000        0x0 Mcal/I2C/I2c.o
 .bss           0x00000000        0x0 Mcal/I2C/I2c.o
 .text.M_I2c_ReadByte
                0x00000000        0xe Mcal/I2C/I2c.o
 .text          0x00000000        0x0 Mcal/Timer0/Timer0.o
 .data          0x00000000        0x0 Mcal/Timer0/Timer0.o
 .bss           0x00000000        0x0 Mcal/Timer0/Timer0.o
 .text.M_Timer0_Init
                0x00000000       0x1a Mcal/Timer0/Timer0.o
 .text.M_Timer0_SetTime
                0x00000000       0x82 Mcal/Timer0/Timer0.o
 .text.M_Timer0_Start
                0x00000000       0x14 Mcal/Timer0/Timer0.o
 .text.M_Timer0_Stop
                0x00000000       0x14 Mcal/Timer0/Timer0.o
 .text.M_Pwm0_Init
                0x00000000       0x22 Mcal/Timer0/Timer0.o
 .text.M_Pwm0_SetDutyCycle
                0x00000000       0x40 Mcal/Timer0/Timer0.o
 .text.M_Pwm0_Start
                0x00000000        0x6 Mcal/Timer0/Timer0.o
 .text.M_Pwm0_Stop
                0x00000000        0x6 Mcal/Timer0/Timer0.o
 .text.M_Timer0_SetCallBack
                0x00000000        0xa Mcal/Timer0/Timer0.o
 .bss.Timer0_void_CallBack
                0x00000000        0x2 Mcal/Timer0/Timer0.o
 .bss.Timer0_u8_RemTicks
                0x00000000        0x1 Mcal/Timer0/Timer0.o
 .bss.Timer0_u32_NumOfCompareMatch
                0x00000000        0x4 Mcal/Timer0/Timer0.o
 .bss.Timer0_u32_NumberofOVFs
                0x00000000        0x4 Mcal/Timer0/Timer0.o
 .debug_info    0x00000000      0x292 Mcal/Timer0/Timer0.o
 .debug_abbrev  0x00000000      0x12e Mcal/Timer0/Timer0.o
 .debug_loc     0x00000000       0x97 Mcal/Timer0/Timer0.o
 .debug_aranges
                0x00000000       0x60 Mcal/Timer0/Timer0.o
 .debug_ranges  0x00000000       0x50 Mcal/Timer0/Timer0.o
 .debug_line    0x00000000      0x180 Mcal/Timer0/Timer0.o
 .debug_str     0x00000000      0x328 Mcal/Timer0/Timer0.o
 .comment       0x00000000       0x31 Mcal/Timer0/Timer0.o
 .debug_frame   0x00000000       0xb0 Mcal/Timer0/Timer0.o
 .text          0x00000000        0x0 Mcal/Timer1/Timer1.o
 .data          0x00000000        0x0 Mcal/Timer1/Timer1.o
 .bss           0x00000000        0x0 Mcal/Timer1/Timer1.o
 .text.M_Pwm1_Stop
                0x00000000       0x14 Mcal/Timer1/Timer1.o
 .text          0x00000000        0x0 Mcal/Timer2/Timer2.o
 .data          0x00000000        0x0 Mcal/Timer2/Timer2.o
 .bss           0x00000000        0x0 Mcal/Timer2/Timer2.o
 .text.M_Timer2_Init
                0x00000000       0x1a Mcal/Timer2/Timer2.o
 .text.M_Timer2_SetTime
                0x00000000       0x82 Mcal/Timer2/Timer2.o
 .text.M_Timer2_SetCallBack
                0x00000000        0xa Mcal/Timer2/Timer2.o
 .bss.Timer2_void_CallBack
                0x00000000        0x2 Mcal/Timer2/Timer2.o
 .bss.Timer2_u8_RemTicks
                0x00000000        0x1 Mcal/Timer2/Timer2.o
 .bss.Timer2_u32_NumOfCompareMatch
                0x00000000        0x4 Mcal/Timer2/Timer2.o
 .bss.Timer2_u32_NumberofOVFs
                0x00000000        0x4 Mcal/Timer2/Timer2.o
 .text          0x00000000        0x0 Mcal/Uart/Uart.o
 .data          0x00000000        0x0 Mcal/Uart/Uart.o
 .bss           0x00000000        0x0 Mcal/Uart/Uart.o
 .text          0x00000000        0x0 d:/programs/7.0/toolchain/avr8/avr8-gnu-toolchain/bin/../lib/gcc/avr/5.4.0/../../../../avr/lib/avr5\libm.a(addsf3.o)
 .data          0x00000000        0x0 d:/programs/7.0/toolchain/avr8/avr8-gnu-toolchain/bin/../lib/gcc/avr/5.4.0/../../../../avr/lib/avr5\libm.a(addsf3.o)
 .bss           0x00000000        0x0 d:/programs/7.0/toolchain/avr8/avr8-gnu-toolchain/bin/../lib/gcc/avr/5.4.0/../../../../avr/lib/avr5\libm.a(addsf3.o)
 .text          0x00000000        0x0 d:/programs/7.0/toolchain/avr8/avr8-gnu-toolchain/bin/../lib/gcc/avr/5.4.0/../../../../avr/lib/avr5\libm.a(addsf3x.o)
 .data          0x00000000        0x0 d:/programs/7.0/toolchain/avr8/avr8-gnu-toolchain/bin/../lib/gcc/avr/5.4.0/../../../../avr/lib/avr5\libm.a(addsf3x.o)
 .bss           0x00000000        0x0 d:/programs/7.0/toolchain/avr8/avr8-gnu-toolchain/bin/../lib/gcc/avr/5.4.0/../../../../avr/lib/avr5\libm.a(addsf3x.o)
 .text          0x00000000        0x0 d:/programs/7.0/toolchain/avr8/avr8-gnu-toolchain/bin/../lib/gcc/avr/5.4.0/../../../../avr/lib/avr5\libm.a(divsf3.o)
 .data          0x00000000        0x0 d:/programs/7.0/toolchain/avr8/avr8-gnu-toolchain/bin/../lib/gcc/avr/5.4.0/../../../../avr/lib/avr5\libm.a(divsf3.o)
 .bss           0x00000000        0x0 d:/programs/7.0/toolchain/avr8/avr8-gnu-toolchain/bin/../lib/gcc/avr/5.4.0/../../../../avr/lib/avr5\libm.a(divsf3.o)
 .text          0x00000000        0x0 d:/programs/7.0/toolchain/avr8/avr8-gnu-toolchain/bin/../lib/gcc/avr/5.4.0/../../../../avr/lib/avr5\libm.a(divsf3x.o)
 .data          0x00000000        0x0 d:/programs/7.0/toolchain/avr8/avr8-gnu-toolchain/bin/../lib/gcc/avr/5.4.0/../../../../avr/lib/avr5\libm.a(divsf3x.o)
 .bss           0x00000000        0x0 d:/programs/7.0/toolchain/avr8/avr8-gnu-toolchain/bin/../lib/gcc/avr/5.4.0/../../../../avr/lib/avr5\libm.a(divsf3x.o)
 .text          0x00000000        0x0 d:/programs/7.0/toolchain/avr8/avr8-gnu-toolchain/bin/../lib/gcc/avr/5.4.0/../../../../avr/lib/avr5\libm.a(fixunssfsi.o)
 .data          0x00000000        0x0 d:/programs/7.0/toolchain/avr8/avr8-gnu-toolchain/bin/../lib/gcc/avr/5.4.0/../../../../avr/lib/avr5\libm.a(fixunssfsi.o)
 .bss           0x00000000        0x0 d:/programs/7.0/toolchain/avr8/avr8-gnu-toolchain/bin/../lib/gcc/avr/5.4.0/../../../../avr/lib/avr5\libm.a(fixunssfsi.o)
 .text          0x00000000        0x0 d:/programs/7.0/toolchain/avr8/avr8-gnu-toolchain/bin/../lib/gcc/avr/5.4.0/../../../../avr/lib/avr5\libm.a(floatsisf.o)
 .data          0x00000000        0x0 d:/programs/7.0/toolchain/avr8/avr8-gnu-toolchain/bin/../lib/gcc/avr/5.4.0/../../../../avr/lib/avr5\libm.a(floatsisf.o)
 .bss           0x00000000        0x0 d:/programs/7.0/toolchain/avr8/avr8-gnu-toolchain/bin/../lib/gcc/avr/5.4.0/../../../../avr/lib/avr5\libm.a(floatsisf.o)
 .text          0x00000000        0x0 d:/programs/7.0/toolchain/avr8/avr8-gnu-toolchain/bin/../lib/gcc/avr/5.4.0/../../../../avr/lib/avr5\libm.a(fp_inf.o)
 .data          0x00000000        0x0 d:/programs/7.0/toolchain/avr8/avr8-gnu-toolchain/bin/../lib/gcc/avr/5.4.0/../../../../avr/lib/avr5\libm.a(fp_inf.o)
 .bss           0x00000000        0x0 d:/programs/7.0/toolchain/avr8/avr8-gnu-toolchain/bin/../lib/gcc/avr/5.4.0/../../../../avr/lib/avr5\libm.a(fp_inf.o)
 .text          0x00000000        0x0 d:/programs/7.0/toolchain/avr8/avr8-gnu-toolchain/bin/../lib/gcc/avr/5.4.0/../../../../avr/lib/avr5\libm.a(fp_nan.o)
 .data          0x00000000        0x0 d:/programs/7.0/toolchain/avr8/avr8-gnu-toolchain/bin/../lib/gcc/avr/5.4.0/../../../../avr/lib/avr5\libm.a(fp_nan.o)
 .bss           0x00000000        0x0 d:/programs/7.0/toolchain/avr8/avr8-gnu-toolchain/bin/../lib/gcc/avr/5.4.0/../../../../avr/lib/avr5\libm.a(fp_nan.o)
 .text          0x00000000        0x0 d:/programs/7.0/toolchain/avr8/avr8-gnu-toolchain/bin/../lib/gcc/avr/5.4.0/../../../../avr/lib/avr5\libm.a(fp_pscA.o)
 .data          0x00000000        0x0 d:/programs/7.0/toolchain/avr8/avr8-gnu-toolchain/bin/../lib/gcc/avr/5.4.0/../../../../avr/lib/avr5\libm.a(fp_pscA.o)
 .bss           0x00000000        0x0 d:/programs/7.0/toolchain/avr8/avr8-gnu-toolchain/bin/../lib/gcc/avr/5.4.0/../../../../avr/lib/avr5\libm.a(fp_pscA.o)
 .text          0x00000000        0x0 d:/programs/7.0/toolchain/avr8/avr8-gnu-toolchain/bin/../lib/gcc/avr/5.4.0/../../../../avr/lib/avr5\libm.a(fp_pscB.o)
 .data          0x00000000        0x0 d:/programs/7.0/toolchain/avr8/avr8-gnu-toolchain/bin/../lib/gcc/avr/5.4.0/../../../../avr/lib/avr5\libm.a(fp_pscB.o)
 .bss           0x00000000        0x0 d:/programs/7.0/toolchain/avr8/avr8-gnu-toolchain/bin/../lib/gcc/avr/5.4.0/../../../../avr/lib/avr5\libm.a(fp_pscB.o)
 .text          0x00000000        0x0 d:/programs/7.0/toolchain/avr8/avr8-gnu-toolchain/bin/../lib/gcc/avr/5.4.0/../../../../avr/lib/avr5\libm.a(fp_round.o)
 .data          0x00000000        0x0 d:/programs/7.0/toolchain/avr8/avr8-gnu-toolchain/bin/../lib/gcc/avr/5.4.0/../../../../avr/lib/avr5\libm.a(fp_round.o)
 .bss           0x00000000        0x0 d:/programs/7.0/toolchain/avr8/avr8-gnu-toolchain/bin/../lib/gcc/avr/5.4.0/../../../../avr/lib/avr5\libm.a(fp_round.o)
 .text          0x00000000        0x0 d:/programs/7.0/toolchain/avr8/avr8-gnu-toolchain/bin/../lib/gcc/avr/5.4.0/../../../../avr/lib/avr5\libm.a(fp_split3.o)
 .data          0x00000000        0x0 d:/programs/7.0/toolchain/avr8/avr8-gnu-toolchain/bin/../lib/gcc/avr/5.4.0/../../../../avr/lib/avr5\libm.a(fp_split3.o)
 .bss           0x00000000        0x0 d:/programs/7.0/toolchain/avr8/avr8-gnu-toolchain/bin/../lib/gcc/avr/5.4.0/../../../../avr/lib/avr5\libm.a(fp_split3.o)
 .text          0x00000000        0x0 d:/programs/7.0/toolchain/avr8/avr8-gnu-toolchain/bin/../lib/gcc/avr/5.4.0/../../../../avr/lib/avr5\libm.a(fp_zero.o)
 .data          0x00000000        0x0 d:/programs/7.0/toolchain/avr8/avr8-gnu-toolchain/bin/../lib/gcc/avr/5.4.0/../../../../avr/lib/avr5\libm.a(fp_zero.o)
 .bss           0x00000000        0x0 d:/programs/7.0/toolchain/avr8/avr8-gnu-toolchain/bin/../lib/gcc/avr/5.4.0/../../../../avr/lib/avr5\libm.a(fp_zero.o)
 .text          0x00000000        0x0 d:/programs/7.0/toolchain/avr8/avr8-gnu-toolchain/bin/../lib/gcc/avr/5.4.0/../../../../avr/lib/avr5\libm.a(mulsf3.o)
 .data          0x00000000        0x0 d:/programs/7.0/toolchain/avr8/avr8-gnu-toolchain/bin/../lib/gcc/avr/5.4.0/../../../../avr/lib/avr5\libm.a(mulsf3.o)
 .bss           0x00000000        0x0 d:/programs/7.0/toolchain/avr8/avr8-gnu-toolchain/bin/../lib/gcc/avr/5.4.0/../../../../avr/lib/avr5\libm.a(mulsf3.o)
 .text          0x00000000        0x0 d:/programs/7.0/toolchain/avr8/avr8-gnu-toolchain/bin/../lib/gcc/avr/5.4.0/../../../../avr/lib/avr5\libm.a(mulsf3x.o)
 .data          0x00000000        0x0 d:/programs/7.0/toolchain/avr8/avr8-gnu-toolchain/bin/../lib/gcc/avr/5.4.0/../../../../avr/lib/avr5\libm.a(mulsf3x.o)
 .bss           0x00000000        0x0 d:/programs/7.0/toolchain/avr8/avr8-gnu-toolchain/bin/../lib/gcc/avr/5.4.0/../../../../avr/lib/avr5\libm.a(mulsf3x.o)
 .text          0x00000000        0x0 d:/programs/7.0/toolchain/avr8/avr8-gnu-toolchain/bin/../lib/gcc/avr/5.4.0/avr5\libgcc.a(_divmodhi4.o)
 .data          0x00000000        0x0 d:/programs/7.0/toolchain/avr8/avr8-gnu-toolchain/bin/../lib/gcc/avr/5.4.0/avr5\libgcc.a(_divmodhi4.o)
 .bss           0x00000000        0x0 d:/programs/7.0/toolchain/avr8/avr8-gnu-toolchain/bin/../lib/gcc/avr/5.4.0/avr5\libgcc.a(_divmodhi4.o)
 .text.libgcc.mul
                0x00000000        0x0 d:/programs/7.0/toolchain/avr8/avr8-gnu-toolchain/bin/../lib/gcc/avr/5.4.0/avr5\libgcc.a(_divmodhi4.o)
 .text.libgcc   0x00000000        0x0 d:/programs/7.0/toolchain/avr8/avr8-gnu-toolchain/bin/../lib/gcc/avr/5.4.0/avr5\libgcc.a(_divmodhi4.o)
 .text.libgcc.prologue
                0x00000000        0x0 d:/programs/7.0/toolchain/avr8/avr8-gnu-toolchain/bin/../lib/gcc/avr/5.4.0/avr5\libgcc.a(_divmodhi4.o)
 .text.libgcc.builtins
                0x00000000        0x0 d:/programs/7.0/toolchain/avr8/avr8-gnu-toolchain/bin/../lib/gcc/avr/5.4.0/avr5\libgcc.a(_divmodhi4.o)
 .text.libgcc.fmul
                0x00000000        0x0 d:/programs/7.0/toolchain/avr8/avr8-gnu-toolchain/bin/../lib/gcc/avr/5.4.0/avr5\libgcc.a(_divmodhi4.o)
 .text.libgcc.fixed
                0x00000000        0x0 d:/programs/7.0/toolchain/avr8/avr8-gnu-toolchain/bin/../lib/gcc/avr/5.4.0/avr5\libgcc.a(_divmodhi4.o)
 .text          0x00000000        0x0 d:/programs/7.0/toolchain/avr8/avr8-gnu-toolchain/bin/../lib/gcc/avr/5.4.0/avr5\libgcc.a(_udivmodsi4.o)
 .data          0x00000000        0x0 d:/programs/7.0/toolchain/avr8/avr8-gnu-toolchain/bin/../lib/gcc/avr/5.4.0/avr5\libgcc.a(_udivmodsi4.o)
 .bss           0x00000000        0x0 d:/programs/7.0/toolchain/avr8/avr8-gnu-toolchain/bin/../lib/gcc/avr/5.4.0/avr5\libgcc.a(_udivmodsi4.o)
 .text.libgcc.mul
                0x00000000        0x0 d:/programs/7.0/toolchain/avr8/avr8-gnu-toolchain/bin/../lib/gcc/avr/5.4.0/avr5\libgcc.a(_udivmodsi4.o)
 .text.libgcc   0x00000000        0x0 d:/programs/7.0/toolchain/avr8/avr8-gnu-toolchain/bin/../lib/gcc/avr/5.4.0/avr5\libgcc.a(_udivmodsi4.o)
 .text.libgcc.prologue
                0x00000000        0x0 d:/programs/7.0/toolchain/avr8/avr8-gnu-toolchain/bin/../lib/gcc/avr/5.4.0/avr5\libgcc.a(_udivmodsi4.o)
 .text.libgcc.builtins
                0x00000000        0x0 d:/programs/7.0/toolchain/avr8/avr8-gnu-toolchain/bin/../lib/gcc/avr/5.4.0/avr5\libgcc.a(_udivmodsi4.o)
 .text.libgcc.fmul
                0x00000000        0x0 d:/programs/7.0/toolchain/avr8/avr8-gnu-toolchain/bin/../lib/gcc/avr/5.4.0/avr5\libgcc.a(_udivmodsi4.o)
 .text.libgcc.fixed
                0x00000000        0x0 d:/programs/7.0/toolchain/avr8/avr8-gnu-toolchain/bin/../lib/gcc/avr/5.4.0/avr5\libgcc.a(_udivmodsi4.o)
 .text          0x00000000        0x0 d:/programs/7.0/toolchain/avr8/avr8-gnu-toolchain/bin/../lib/gcc/avr/5.4.0/avr5\libgcc.a(_divmodsi4.o)
 .data          0x00000000        0x0 d:/programs/7.0/toolchain/avr8/avr8-gnu-toolchain/bin/../lib/gcc/avr/5.4.0/avr5\libgcc.a(_divmodsi4.o)
 .bss           0x00000000        0x0 d:/programs/7.0/toolchain/avr8/avr8-gnu-toolchain/bin/../lib/gcc/avr/5.4.0/avr5\libgcc.a(_divmodsi4.o)
 .text.libgcc.mul
                0x00000000        0x0 d:/programs/7.0/toolchain/avr8/avr8-gnu-toolchain/bin/../lib/gcc/avr/5.4.0/avr5\libgcc.a(_divmodsi4.o)
 .text.libgcc   0x00000000        0x0 d:/programs/7.0/toolchain/avr8/avr8-gnu-toolchain/bin/../lib/gcc/avr/5.4.0/avr5\libgcc.a(_divmodsi4.o)
 .text.libgcc.prologue
                0x00000000        0x0 d:/programs/7.0/toolchain/avr8/avr8-gnu-toolchain/bin/../lib/gcc/avr/5.4.0/avr5\libgcc.a(_divmodsi4.o)
 .text.libgcc.builtins
                0x00000000        0x0 d:/programs/7.0/toolchain/avr8/avr8-gnu-toolchain/bin/../lib/gcc/avr/5.4.0/avr5\libgcc.a(_divmodsi4.o)
 .text.libgcc.fmul
                0x00000000        0x0 d:/programs/7.0/toolchain/avr8/avr8-gnu-toolchain/bin/../lib/gcc/avr/5.4.0/avr5\libgcc.a(_divmodsi4.o)
 .text.libgcc.fixed
                0x00000000        0x0 d:/programs/7.0/toolchain/avr8/avr8-gnu-toolchain/bin/../lib/gcc/avr/5.4.0/avr5\libgcc.a(_divmodsi4.o)
 .text          0x00000000        0x0 d:/programs/7.0/toolchain/avr8/avr8-gnu-toolchain/bin/../lib/gcc/avr/5.4.0/avr5\libgcc.a(_negsi2.o)
 .data          0x00000000        0x0 d:/programs/7.0/toolchain/avr8/avr8-gnu-toolchain/bin/../lib/gcc/avr/5.4.0/avr5\libgcc.a(_negsi2.o)
 .bss           0x00000000        0x0 d:/programs/7.0/toolchain/avr8/avr8-gnu-toolchain/bin/../lib/gcc/avr/5.4.0/avr5\libgcc.a(_negsi2.o)
 .text.libgcc.mul
                0x00000000        0x0 d:/programs/7.0/toolchain/avr8/avr8-gnu-toolchain/bin/../lib/gcc/avr/5.4.0/avr5\libgcc.a(_negsi2.o)
 .text.libgcc   0x00000000        0x0 d:/programs/7.0/toolchain/avr8/avr8-gnu-toolchain/bin/../lib/gcc/avr/5.4.0/avr5\libgcc.a(_negsi2.o)
 .text.libgcc.prologue
                0x00000000        0x0 d:/programs/7.0/toolchain/avr8/avr8-gnu-toolchain/bin/../lib/gcc/avr/5.4.0/avr5\libgcc.a(_negsi2.o)
 .text.libgcc.builtins
                0x00000000        0x0 d:/programs/7.0/toolchain/avr8/avr8-gnu-toolchain/bin/../lib/gcc/avr/5.4.0/avr5\libgcc.a(_negsi2.o)
 .text.libgcc.fmul
                0x00000000        0x0 d:/programs/7.0/toolchain/avr8/avr8-gnu-toolchain/bin/../lib/gcc/avr/5.4.0/avr5\libgcc.a(_negsi2.o)
 .text.libgcc.fixed
                0x00000000        0x0 d:/programs/7.0/toolchain/avr8/avr8-gnu-toolchain/bin/../lib/gcc/avr/5.4.0/avr5\libgcc.a(_negsi2.o)
 .text          0x00000000        0x0 d:/programs/7.0/toolchain/avr8/avr8-gnu-toolchain/bin/../lib/gcc/avr/5.4.0/avr5\libgcc.a(_exit.o)
 .data          0x00000000        0x0 d:/programs/7.0/toolchain/avr8/avr8-gnu-toolchain/bin/../lib/gcc/avr/5.4.0/avr5\libgcc.a(_exit.o)
 .bss           0x00000000        0x0 d:/programs/7.0/toolchain/avr8/avr8-gnu-toolchain/bin/../lib/gcc/avr/5.4.0/avr5\libgcc.a(_exit.o)
 .text.libgcc.mul
                0x00000000        0x0 d:/programs/7.0/toolchain/avr8/avr8-gnu-toolchain/bin/../lib/gcc/avr/5.4.0/avr5\libgcc.a(_exit.o)
 .text.libgcc.div
                0x00000000        0x0 d:/programs/7.0/toolchain/avr8/avr8-gnu-toolchain/bin/../lib/gcc/avr/5.4.0/avr5\libgcc.a(_exit.o)
 .text.libgcc   0x00000000        0x0 d:/programs/7.0/toolchain/avr8/avr8-gnu-toolchain/bin/../lib/gcc/avr/5.4.0/avr5\libgcc.a(_exit.o)
 .text.libgcc.prologue
                0x00000000        0x0 d:/programs/7.0/toolchain/avr8/avr8-gnu-toolchain/bin/../lib/gcc/avr/5.4.0/avr5\libgcc.a(_exit.o)
 .text.libgcc.builtins
                0x00000000        0x0 d:/programs/7.0/toolchain/avr8/avr8-gnu-toolchain/bin/../lib/gcc/avr/5.4.0/avr5\libgcc.a(_exit.o)
 .text.libgcc.fmul
                0x00000000        0x0 d:/programs/7.0/toolchain/avr8/avr8-gnu-toolchain/bin/../lib/gcc/avr/5.4.0/avr5\libgcc.a(_exit.o)
 .text.libgcc.fixed
                0x00000000        0x0 d:/programs/7.0/toolchain/avr8/avr8-gnu-toolchain/bin/../lib/gcc/avr/5.4.0/avr5\libgcc.a(_exit.o)
 .text          0x00000000        0x0 d:/programs/7.0/toolchain/avr8/avr8-gnu-toolchain/bin/../lib/gcc/avr/5.4.0/avr5\libgcc.a(_tablejump2.o)
 .data          0x00000000        0x0 d:/programs/7.0/toolchain/avr8/avr8-gnu-toolchain/bin/../lib/gcc/avr/5.4.0/avr5\libgcc.a(_tablejump2.o)
 .bss           0x00000000        0x0 d:/programs/7.0/toolchain/avr8/avr8-gnu-toolchain/bin/../lib/gcc/avr/5.4.0/avr5\libgcc.a(_tablejump2.o)
 .text.libgcc.mul
                0x00000000        0x0 d:/programs/7.0/toolchain/avr8/avr8-gnu-toolchain/bin/../lib/gcc/avr/5.4.0/avr5\libgcc.a(_tablejump2.o)
 .text.libgcc.div
                0x00000000        0x0 d:/programs/7.0/toolchain/avr8/avr8-gnu-toolchain/bin/../lib/gcc/avr/5.4.0/avr5\libgcc.a(_tablejump2.o)
 .text.libgcc.prologue
                0x00000000        0x0 d:/programs/7.0/toolchain/avr8/avr8-gnu-toolchain/bin/../lib/gcc/avr/5.4.0/avr5\libgcc.a(_tablejump2.o)
 .text.libgcc.builtins
                0x00000000        0x0 d:/programs/7.0/toolchain/avr8/avr8-gnu-toolchain/bin/../lib/gcc/avr/5.4.0/avr5\libgcc.a(_tablejump2.o)
 .text.libgcc.fmul
                0x00000000        0x0 d:/programs/7.0/toolchain/avr8/avr8-gnu-toolchain/bin/../lib/gcc/avr/5.4.0/avr5\libgcc.a(_tablejump2.o)
 .text.libgcc.fixed
                0x00000000        0x0 d:/programs/7.0/toolchain/avr8/avr8-gnu-toolchain/bin/../lib/gcc/avr/5.4.0/avr5\libgcc.a(_tablejump2.o)
 .text          0x00000000        0x0 d:/programs/7.0/toolchain/avr8/avr8-gnu-toolchain/bin/../lib/gcc/avr/5.4.0/avr5\libgcc.a(_copy_data.o)
 .data          0x00000000        0x0 d:/programs/7.0/toolchain/avr8/avr8-gnu-toolchain/bin/../lib/gcc/avr/5.4.0/avr5\libgcc.a(_copy_data.o)
 .bss           0x00000000        0x0 d:/programs/7.0/toolchain/avr8/avr8-gnu-toolchain/bin/../lib/gcc/avr/5.4.0/avr5\libgcc.a(_copy_data.o)
 .text.libgcc.mul
                0x00000000        0x0 d:/programs/7.0/toolchain/avr8/avr8-gnu-toolchain/bin/../lib/gcc/avr/5.4.0/avr5\libgcc.a(_copy_data.o)
 .text.libgcc.div
                0x00000000        0x0 d:/programs/7.0/toolchain/avr8/avr8-gnu-toolchain/bin/../lib/gcc/avr/5.4.0/avr5\libgcc.a(_copy_data.o)
 .text.libgcc   0x00000000        0x0 d:/programs/7.0/toolchain/avr8/avr8-gnu-toolchain/bin/../lib/gcc/avr/5.4.0/avr5\libgcc.a(_copy_data.o)
 .text.libgcc.prologue
                0x00000000        0x0 d:/programs/7.0/toolchain/avr8/avr8-gnu-toolchain/bin/../lib/gcc/avr/5.4.0/avr5\libgcc.a(_copy_data.o)
 .text.libgcc.builtins
                0x00000000        0x0 d:/programs/7.0/toolchain/avr8/avr8-gnu-toolchain/bin/../lib/gcc/avr/5.4.0/avr5\libgcc.a(_copy_data.o)
 .text.libgcc.fmul
                0x00000000        0x0 d:/programs/7.0/toolchain/avr8/avr8-gnu-toolchain/bin/../lib/gcc/avr/5.4.0/avr5\libgcc.a(_copy_data.o)
 .text.libgcc.fixed
                0x00000000        0x0 d:/programs/7.0/toolchain/avr8/avr8-gnu-toolchain/bin/../lib/gcc/avr/5.4.0/avr5\libgcc.a(_copy_data.o)
 .text          0x00000000        0x0 d:/programs/7.0/toolchain/avr8/avr8-gnu-toolchain/bin/../lib/gcc/avr/5.4.0/avr5\libgcc.a(_clear_bss.o)
 .data          0x00000000        0x0 d:/programs/7.0/toolchain/avr8/avr8-gnu-toolchain/bin/../lib/gcc/avr/5.4.0/avr5\libgcc.a(_clear_bss.o)
 .bss           0x00000000        0x0 d:/programs/7.0/toolchain/avr8/avr8-gnu-toolchain/bin/../lib/gcc/avr/5.4.0/avr5\libgcc.a(_clear_bss.o)
 .text.libgcc.mul
                0x00000000        0x0 d:/programs/7.0/toolchain/avr8/avr8-gnu-toolchain/bin/../lib/gcc/avr/5.4.0/avr5\libgcc.a(_clear_bss.o)
 .text.libgcc.div
                0x00000000        0x0 d:/programs/7.0/toolchain/avr8/avr8-gnu-toolchain/bin/../lib/gcc/avr/5.4.0/avr5\libgcc.a(_clear_bss.o)
 .text.libgcc   0x00000000        0x0 d:/programs/7.0/toolchain/avr8/avr8-gnu-toolchain/bin/../lib/gcc/avr/5.4.0/avr5\libgcc.a(_clear_bss.o)
 .text.libgcc.prologue
                0x00000000        0x0 d:/programs/7.0/toolchain/avr8/avr8-gnu-toolchain/bin/../lib/gcc/avr/5.4.0/avr5\libgcc.a(_clear_bss.o)
 .text.libgcc.builtins
                0x00000000        0x0 d:/programs/7.0/toolchain/avr8/avr8-gnu-toolchain/bin/../lib/gcc/avr/5.4.0/avr5\libgcc.a(_clear_bss.o)
 .text.libgcc.fmul
                0x00000000        0x0 d:/programs/7.0/toolchain/avr8/avr8-gnu-toolchain/bin/../lib/gcc/avr/5.4.0/avr5\libgcc.a(_clear_bss.o)
 .text.libgcc.fixed
                0x00000000        0x0 d:/programs/7.0/toolchain/avr8/avr8-gnu-toolchain/bin/../lib/gcc/avr/5.4.0/avr5\libgcc.a(_clear_bss.o)
 .text          0x00000000        0x0 d:/programs/7.0/toolchain/avr8/avr8-gnu-toolchain/bin/../lib/gcc/avr/5.4.0/avr5\libgcc.a(_umulhisi3.o)
 .data          0x00000000        0x0 d:/programs/7.0/toolchain/avr8/avr8-gnu-toolchain/bin/../lib/gcc/avr/5.4.0/avr5\libgcc.a(_umulhisi3.o)
 .bss           0x00000000        0x0 d:/programs/7.0/toolchain/avr8/avr8-gnu-toolchain/bin/../lib/gcc/avr/5.4.0/avr5\libgcc.a(_umulhisi3.o)
 .text.libgcc.div
                0x00000000        0x0 d:/programs/7.0/toolchain/avr8/avr8-gnu-toolchain/bin/../lib/gcc/avr/5.4.0/avr5\libgcc.a(_umulhisi3.o)
 .text.libgcc   0x00000000        0x0 d:/programs/7.0/toolchain/avr8/avr8-gnu-toolchain/bin/../lib/gcc/avr/5.4.0/avr5\libgcc.a(_umulhisi3.o)
 .text.libgcc.prologue
                0x00000000        0x0 d:/programs/7.0/toolchain/avr8/avr8-gnu-toolchain/bin/../lib/gcc/avr/5.4.0/avr5\libgcc.a(_umulhisi3.o)
 .text.libgcc.builtins
                0x00000000        0x0 d:/programs/7.0/toolchain/avr8/avr8-gnu-toolchain/bin/../lib/gcc/avr/5.4.0/avr5\libgcc.a(_umulhisi3.o)
 .text.libgcc.fmul
                0x00000000        0x0 d:/programs/7.0/toolchain/avr8/avr8-gnu-toolchain/bin/../lib/gcc/avr/5.4.0/avr5\libgcc.a(_umulhisi3.o)
 .text.libgcc.fixed
                0x00000000        0x0 d:/programs/7.0/toolchain/avr8/avr8-gnu-toolchain/bin/../lib/gcc/avr/5.4.0/avr5\libgcc.a(_umulhisi3.o)
 .text          0x00000000        0x0 d:/programs/7.0/toolchain/avr8/avr8-gnu-toolchain/bin/../lib/gcc/avr/5.4.0/avr5\libgcc.a(_muluhisi3.o)
 .data          0x00000000        0x0 d:/programs/7.0/toolchain/avr8/avr8-gnu-toolchain/bin/../lib/gcc/avr/5.4.0/avr5\libgcc.a(_muluhisi3.o)
 .bss           0x00000000        0x0 d:/programs/7.0/toolchain/avr8/avr8-gnu-toolchain/bin/../lib/gcc/avr/5.4.0/avr5\libgcc.a(_muluhisi3.o)
 .text.libgcc.div
                0x00000000        0x0 d:/programs/7.0/toolchain/avr8/avr8-gnu-toolchain/bin/../lib/gcc/avr/5.4.0/avr5\libgcc.a(_muluhisi3.o)
 .text.libgcc   0x00000000        0x0 d:/programs/7.0/toolchain/avr8/avr8-gnu-toolchain/bin/../lib/gcc/avr/5.4.0/avr5\libgcc.a(_muluhisi3.o)
 .text.libgcc.prologue
                0x00000000        0x0 d:/programs/7.0/toolchain/avr8/avr8-gnu-toolchain/bin/../lib/gcc/avr/5.4.0/avr5\libgcc.a(_muluhisi3.o)
 .text.libgcc.builtins
                0x00000000        0x0 d:/programs/7.0/toolchain/avr8/avr8-gnu-toolchain/bin/../lib/gcc/avr/5.4.0/avr5\libgcc.a(_muluhisi3.o)
 .text.libgcc.fmul
                0x00000000        0x0 d:/programs/7.0/toolchain/avr8/avr8-gnu-toolchain/bin/../lib/gcc/avr/5.4.0/avr5\libgcc.a(_muluhisi3.o)
 .text.libgcc.fixed
                0x00000000        0x0 d:/programs/7.0/toolchain/avr8/avr8-gnu-toolchain/bin/../lib/gcc/avr/5.4.0/avr5\libgcc.a(_muluhisi3.o)
 .text          0x00000000        0x0 d:/programs/7.0/toolchain/avr8/avr8-gnu-toolchain/bin/../lib/gcc/avr/5.4.0/avr5\libgcc.a(_udivmodhi4.o)
 .data          0x00000000        0x0 d:/programs/7.0/toolchain/avr8/avr8-gnu-toolchain/bin/../lib/gcc/avr/5.4.0/avr5\libgcc.a(_udivmodhi4.o)
 .bss           0x00000000        0x0 d:/programs/7.0/toolchain/avr8/avr8-gnu-toolchain/bin/../lib/gcc/avr/5.4.0/avr5\libgcc.a(_udivmodhi4.o)
 .text.libgcc.mul
                0x00000000        0x0 d:/programs/7.0/toolchain/avr8/avr8-gnu-toolchain/bin/../lib/gcc/avr/5.4.0/avr5\libgcc.a(_udivmodhi4.o)
 .text.libgcc   0x00000000        0x0 d:/programs/7.0/toolchain/avr8/avr8-gnu-toolchain/bin/../lib/gcc/avr/5.4.0/avr5\libgcc.a(_udivmodhi4.o)
 .text.libgcc.prologue
                0x00000000        0x0 d:/programs/7.0/toolchain/avr8/avr8-gnu-toolchain/bin/../lib/gcc/avr/5.4.0/avr5\libgcc.a(_udivmodhi4.o)
 .text.libgcc.builtins
                0x00000000        0x0 d:/programs/7.0/toolchain/avr8/avr8-gnu-toolchain/bin/../lib/gcc/avr/5.4.0/avr5\libgcc.a(_udivmodhi4.o)
 .text.libgcc.fmul
                0x00000000        0x0 d:/programs/7.0/toolchain/avr8/avr8-gnu-toolchain/bin/../lib/gcc/avr/5.4.0/avr5\libgcc.a(_udivmodhi4.o)
 .text.libgcc.fixed
                0x00000000        0x0 d:/programs/7.0/toolchain/avr8/avr8-gnu-toolchain/bin/../lib/gcc/avr/5.4.0/avr5\libgcc.a(_udivmodhi4.o)

Memory Configuration

Name             Origin             Length             Attributes
text             0x00000000         0x00008000         xr
data             0x00800060         0x00000800         rw !x
eeprom           0x00810000         0x00000400         rw !x
fuse             0x00820000         0x00000002         rw !x
lock             0x00830000         0x00000400         rw !x
signature        0x00840000         0x00000400         rw !x
user_signatures  0x00850000         0x00000400         rw !x
*default*        0x00000000         0xffffffff

Linker script and memory map

LOAD D:/Programs/7.0/Packs/atmel/ATmega_DFP/1.6.364/gcc/dev/atmega32/avr5/crtatmega32.o
LOAD App/main.o
LOAD Hal/Buzzer/Buzzer.o
LOAD Hal/DcMotor/DcMotor.o
LOAD Hal/EEPROM/Eeprom.o
LOAD Hal/Hc05/Hc05.o
LOAD Hal/Keypad/KeyPad.o
LOAD Hal/Lcd/Lcd.o
LOAD Hal/Led/Led.o
LOAD Hal/LM35/Lm35.o
LOAD Hal/PushButton/PushButton.o
LOAD Hal/Relay/Relay.o
LOAD Hal/Servo/Servo.o
LOAD Mcal/Adc/Adc.o
LOAD Mcal/Dio/Dio.o
LOAD Mcal/ExtInt/ExtInt.o
LOAD Mcal/I2C/I2c.o
LOAD Mcal/Timer0/Timer0.o
LOAD Mcal/Timer1/Timer1.o
LOAD Mcal/Timer2/Timer2.o
LOAD Mcal/Uart/Uart.o
START GROUP
LOAD d:/programs/7.0/toolchain/avr8/avr8-gnu-toolchain/bin/../lib/gcc/avr/5.4.0/../../../../avr/lib/avr5\libm.a
END GROUP
START GROUP
LOAD d:/programs/7.0/toolchain/avr8/avr8-gnu-toolchain/bin/../lib/gcc/avr/5.4.0/avr5\libgcc.a
LOAD d:/programs/7.0/toolchain/avr8/avr8-gnu-toolchain/bin/../lib/gcc/avr/5.4.0/../../../../avr/lib/avr5\libm.a
LOAD d:/programs/7.0/toolchain/avr8/avr8-gnu-toolchain/bin/../lib/gcc/avr/5.4.0/../../../../avr/lib/avr5\libc.a
LOAD D:/Programs/7.0/Packs/atmel/ATmega_DFP/1.6.364/gcc/dev/atmega32/avr5\libatmega32.a
END GROUP
                0x00000000                __TEXT_REGION_ORIGIN__ = DEFINED (__TEXT_REGION_ORIGIN__)?__TEXT_REGION_ORIGIN__:0x0
                [0x00800060]                __DATA_REGION_ORIGIN__ = DEFINED (__DATA_REGION_ORIGIN__)?__DATA_REGION_ORIGIN__:0x800060
                [0x00008000]                __TEXT_REGION_LENGTH__ = DEFINED (__TEXT_REGION_LENGTH__)?__TEXT_REGION_LENGTH__:0x20000
                [0x00000800]                __DATA_REGION_LENGTH__ = DEFINED (__DATA_REGION_LENGTH__)?__DATA_REGION_LENGTH__:0xffa0
                [0x00000400]                __EEPROM_REGION_LENGTH__ = DEFINED (__EEPROM_REGION_LENGTH__)?__EEPROM_REGION_LENGTH__:0x10000
                [0x00000002]                __FUSE_REGION_LENGTH__ = DEFINED (__FUSE_REGION_LENGTH__)?__FUSE_REGION_LENGTH__:0x400
                0x00000400                __LOCK_REGION_LENGTH__ = DEFINED (__LOCK_REGION_LENGTH__)?__LOCK_REGION_LENGTH__:0x400
                0x00000400                __SIGNATURE_REGION_LENGTH__ = DEFINED (__SIGNATURE_REGION_LENGTH__)?__SIGNATURE_REGION_LENGTH__:0x400
                0x00000400                __USER_SIGNATURE_REGION_LENGTH__ = DEFINED (__USER_SIGNATURE_REGION_LENGTH__)?__USER_SIGNATURE_REGION_LENGTH__:0x400

.hash
 *(.hash)

.dynsym
 *(.dynsym)

.dynstr
 *(.dynstr)

.gnu.version
 *(.gnu.version)

.gnu.version_d
 *(.gnu.version_d)

.gnu.version_r
 *(.gnu.version_r)

.rel.init
 *(.rel.init)

.rela.init
 *(.rela.init)

.rel.text
 *(.rel.text)
 *(.rel.text.*)
 *(.rel.gnu.linkonce.t*)

.rela.text
 *(.rela.text)
 *(.rela.text.*)
 *(.rela.gnu.linkonce.t*)

.rel.fini
 *(.rel.fini)

.rela.fini
 *(.rela.fini)

.rel.rodata
 *(.rel.rodata)
 *(.rel.rodata.*)
 *(.rel.gnu.linkonce.r*)

.rela.rodata
 *(.rela.rodata)
 *(.rela.rodata.*)
 *(.rela.gnu.linkonce.r*)

.rel.data
 *(.rel.data)
 *(.rel.data.*)
 *(.rel.gnu.linkonce.d*)

.rela.data
 *(.rela.data)
 *(.rela.data.*)
 *(.rela.gnu.linkonce.d*)

.rel.ctors
 *(.rel.ctors)

.rela.ctors
 *(.rela.ctors)

.rel.dtors
 *(.rel.dtors)

.rela.dtors
 *(.rela.dtors)

.rel.got
 *(.rel.got)

.rela.got
 *(.rela.got)

.rel.bss
 *(.rel.bss)

.rela.bss
 *(.rela.bss)

.rel.plt
 *(.rel.plt)

.rela.plt
 *(.rela.plt)

.text           0x00000000     0x2548
 *(.vectors)
 .vectors       0x00000000       0x54 D:/Programs/7.0/Packs/atmel/ATmega_DFP/1.6.364/gcc/dev/atmega32/avr5/crtatmega32.o
                0x00000000                __vector_default
                0x00000000                __vectors
 *(.vectors)
 *(.progmem.gcc*)
 .progmem.gcc_sw_table.main
                0x00000054       0x90 App/main.o
                0x000000e4                . = ALIGN (0x2)
                0x000000e4                __trampolines_start = .
 *(.trampolines)
 .trampolines   0x000000e4        0x0 linker stubs
 *(.trampolines*)
                0x000000e4                __trampolines_end = .
 *libprintf_flt.a:*(.progmem.data)
 *libc.a:*(.progmem.data)
 *(.progmem*)
                0x000000e4                . = ALIGN (0x2)
 *(.jumptables)
 *(.jumptables*)
 *(.lowtext)
 *(.lowtext*)
                0x000000e4                __ctors_start = .
 *(.ctors)
                0x000000e4                __ctors_end = .
                0x000000e4                __dtors_start = .
 *(.dtors)
                0x000000e4                __dtors_end = .
 SORT(*)(.ctors)
 SORT(*)(.dtors)
 *(.init0)
 .init0         0x000000e4        0x0 D:/Programs/7.0/Packs/atmel/ATmega_DFP/1.6.364/gcc/dev/atmega32/avr5/crtatmega32.o
                0x000000e4                __init
 *(.init0)
 *(.init1)
 *(.init1)
 *(.init2)
 .init2         0x000000e4        0xc D:/Programs/7.0/Packs/atmel/ATmega_DFP/1.6.364/gcc/dev/atmega32/avr5/crtatmega32.o
 *(.init2)
 *(.init3)
 *(.init3)
 *(.init4)
 .init4         0x000000f0       0x16 d:/programs/7.0/toolchain/avr8/avr8-gnu-toolchain/bin/../lib/gcc/avr/5.4.0/avr5\libgcc.a(_copy_data.o)
                0x000000f0                __do_copy_data
 .init4         0x00000106       0x10 d:/programs/7.0/toolchain/avr8/avr8-gnu-toolchain/bin/../lib/gcc/avr/5.4.0/avr5\libgcc.a(_clear_bss.o)
                0x00000106                __do_clear_bss
 *(.init4)
 *(.init5)
 *(.init5)
 *(.init6)
 *(.init6)
 *(.init7)
 *(.init7)
 *(.init8)
 *(.init8)
 *(.init9)
 .init9         0x00000116        0x8 D:/Programs/7.0/Packs/atmel/ATmega_DFP/1.6.364/gcc/dev/atmega32/avr5/crtatmega32.o
 *(.init9)
 *(.text)
 .text          0x0000011e        0x4 D:/Programs/7.0/Packs/atmel/ATmega_DFP/1.6.364/gcc/dev/atmega32/avr5/crtatmega32.o
                0x0000011e                __vector_1
                0x0000011e                __vector_12
                0x0000011e                __bad_interrupt
                0x0000011e                __vector_6
                0x0000011e                __vector_3
                0x0000011e                __vector_11
                0x0000011e                __vector_13
                0x0000011e                __vector_17
                0x0000011e                __vector_19
                0x0000011e                __vector_7
                0x0000011e                __vector_5
                0x0000011e                __vector_4
                0x0000011e                __vector_9
                0x0000011e                __vector_2
                0x0000011e                __vector_15
                0x0000011e                __vector_8
                0x0000011e                __vector_14
                0x0000011e                __vector_10
                0x0000011e                __vector_16
                0x0000011e                __vector_18
                0x0000011e                __vector_20
                0x00000122                . = ALIGN (0x2)
 *(.text.*)
 .text.AddUser  0x00000122      0x23a App/main.o
                0x00000122                AddUser
 .text.DeleteUser
                0x0000035c      0x10a App/main.o
                0x0000035c                DeleteUser
 .text.AdminLogin
                0x00000466      0x16a App/main.o
                0x00000466                AdminLogin
 .text.UserLogin
                0x000005d0      0x13e App/main.o
                0x000005d0                UserLogin
 .text.InputID  0x0000070e       0xa0 App/main.o
                0x0000070e                InputID
 .text.InputPassword
                0x000007ae       0xa4 App/main.o
                0x000007ae                InputPassword
 .text.SwitchDoor
                0x00000852       0x8c App/main.o
                0x00000852                SwitchDoor
 .text.RelaySwitch
                0x000008de       0x5e App/main.o
                0x000008de                RelaySwitch
 .text.ACSwitch
                0x0000093c       0x4c App/main.o
                0x0000093c                ACSwitch
 .text.DeleteAll
                0x00000988       0x2e App/main.o
                0x00000988                DeleteAll
 .text.AppInit  0x000009b6       0x48 App/main.o
                0x000009b6                AppInit
 .text.WelcomingMsg
                0x000009fe       0x3c App/main.o
                0x000009fe                WelcomingMsg
 .text.CloseTheDoor
                0x00000a3a       0x10 App/main.o
                0x00000a3a                CloseTheDoor
 .text.CheckAC  0x00000a4a       0x62 App/main.o
                0x00000a4a                CheckAC
 .text.CheckRelay
                0x00000aac       0x34 App/main.o
                0x00000aac                CheckRelay
 .text.CheckDoor
                0x00000ae0       0x70 App/main.o
                0x00000ae0                CheckDoor
 .text.Reset    0x00000b50       0x42 App/main.o
                0x00000b50                Reset
 .text.main     0x00000b92      0x40a App/main.o
                0x00000b92                main
 .text.H_Buzzer_Init
                0x00000f9c        0xa Hal/Buzzer/Buzzer.o
                0x00000f9c                H_Buzzer_Init
 .text.H_Buzzer_On
                0x00000fa6        0xa Hal/Buzzer/Buzzer.o
                0x00000fa6                H_Buzzer_On
 .text.H_Buzzer_Off
                0x00000fb0        0xa Hal/Buzzer/Buzzer.o
                0x00000fb0                H_Buzzer_Off
 .text.H_DcMotor_Init
                0x00000fba       0x16 Hal/DcMotor/DcMotor.o
                0x00000fba                H_DcMotor_Init
 .text.H_DcMotor_SetDirection
                0x00000fd0       0x12 Hal/DcMotor/DcMotor.o
                0x00000fd0                H_DcMotor_SetDirection
 .text.H_DcMotor_Speed
                0x00000fe2        0x6 Hal/DcMotor/DcMotor.o
                0x00000fe2                H_DcMotor_Speed
 .text.H_DcMotor_Start
                0x00000fe8        0x6 Hal/DcMotor/DcMotor.o
                0x00000fe8                H_DcMotor_Start
 .text.H_DcMotor_Stop
                0x00000fee        0x6 Hal/DcMotor/DcMotor.o
                0x00000fee                H_DcMotor_Stop
 .text.H_Eeprom_Init
                0x00000ff4        0x6 Hal/EEPROM/Eeprom.o
                0x00000ff4                H_Eeprom_Init
 .text.H_Eeprom_Write
                0x00000ffa       0x34 Hal/EEPROM/Eeprom.o
                0x00000ffa                H_Eeprom_Write
 .text.H_Eeprom_Read
                0x0000102e       0x36 Hal/EEPROM/Eeprom.o
                0x0000102e                H_Eeprom_Read
 .text.H_Hc05_Init
                0x00001064        0x6 Hal/Hc05/Hc05.o
                0x00001064                H_Hc05_Init
 .text.H_Hc05_Send
                0x0000106a        0x6 Hal/Hc05/Hc05.o
                0x0000106a                H_Hc05_Send
 .text.H_Hc05_SendString
                0x00001070       0x38 Hal/Hc05/Hc05.o
                0x00001070                H_Hc05_SendString
 .text.H_Hc05_Rec
                0x000010a8        0x6 Hal/Hc05/Hc05.o
                0x000010a8                H_Hc05_Rec
 .text.H_KeyPad_Init
                0x000010ae       0x82 Hal/Keypad/KeyPad.o
                0x000010ae                H_KeyPad_Init
 .text.H_KeyPad_Read
                0x00001130      0x3f0 Hal/Keypad/KeyPad.o
                0x00001130                H_KeyPad_Read
 .text.H_Lcd_WriteCharacter
                0x00001520       0x66 Hal/Lcd/Lcd.o
                0x00001520                H_Lcd_WriteCharacter
 .text.H_Lcd_WriteCommand
                0x00001586       0x7e Hal/Lcd/Lcd.o
                0x00001586                H_Lcd_WriteCommand
 .text.H_Lcd_Init
                0x00001604       0x70 Hal/Lcd/Lcd.o
                0x00001604                H_Lcd_Init
 .text.H_Lcd_WriteNumber
                0x00001674      0x1bc Hal/Lcd/Lcd.o
                0x00001674                H_Lcd_WriteNumber
 .text.H_Lcd_GoTo
                0x00001830       0x30 Hal/Lcd/Lcd.o
                0x00001830                H_Lcd_GoTo
 .text.H_Lcd_Clear
                0x00001860       0x10 Hal/Lcd/Lcd.o
                0x00001860                H_Lcd_Clear
 .text.H_Lcd_WriteString
                0x00001870       0x32 Hal/Lcd/Lcd.o
                0x00001870                H_Lcd_WriteString
 .text.H_Led_Init
                0x000018a2        0x8 Hal/Led/Led.o
                0x000018a2                H_Led_Init
 .text.H_Led_On
                0x000018aa        0x8 Hal/Led/Led.o
                0x000018aa                H_Led_On
 .text.H_Led_Off
                0x000018b2        0x8 Hal/Led/Led.o
                0x000018b2                H_Led_Off
 .text.H_Lm35_Init
                0x000018ba        0x6 Hal/LM35/Lm35.o
                0x000018ba                H_Lm35_Init
 .text.H_Lm35_Read
                0x000018c0       0x1e Hal/LM35/Lm35.o
                0x000018c0                H_Lm35_Read
 .text.H_PushButton_Init
                0x000018de        0xa Hal/PushButton/PushButton.o
                0x000018de                H_PushButton_Init
 .text.H_PushButton_Read
                0x000018e8        0x8 Hal/PushButton/PushButton.o
                0x000018e8                H_PushButton_Read
 .text.H_Relay_Init
                0x000018f0        0xa Hal/Relay/Relay.o
                0x000018f0                H_Relay_Init
 .text.H_Relay_On
                0x000018fa        0xa Hal/Relay/Relay.o
                0x000018fa                H_Relay_On
 .text.H_Relay_Off
                0x00001904        0xa Hal/Relay/Relay.o
                0x00001904                H_Relay_Off
 .text.H_Servo_Init
                0x0000190e       0x16 Hal/Servo/Servo.o
                0x0000190e                H_Servo_Init
 .text.H_Servo_SetAngel
                0x00001924       0x2e Hal/Servo/Servo.o
                0x00001924                H_Servo_SetAngel
 .text.M_Adc_Init
                0x00001952       0x58 Mcal/Adc/Adc.o
                0x00001952                M_Adc_Init
 .text.M_Adc_Read
                0x000019aa       0x1a Mcal/Adc/Adc.o
                0x000019aa                M_Adc_Read
 .text.M_Dio_PinMode
                0x000019c4      0x112 Mcal/Dio/Dio.o
                0x000019c4                M_Dio_PinMode
 .text.M_Dio_PinWrite
                0x00001ad6      0x112 Mcal/Dio/Dio.o
                0x00001ad6                M_Dio_PinWrite
 .text.M_Dio_PinRead
                0x00001be8       0x88 Mcal/Dio/Dio.o
                0x00001be8                M_Dio_PinRead
 .text.M_Dio_PinPullUp
                0x00001c70      0x112 Mcal/Dio/Dio.o
                0x00001c70                M_Dio_PinPullUp
 .text.M_I2c_Init
                0x00001d82       0x1e Mcal/I2C/I2c.o
                0x00001d82                M_I2c_Init
 .text.M_I2c_StartCondition
                0x00001da0       0x28 Mcal/I2C/I2c.o
                0x00001da0                M_I2c_StartCondition
 .text.M_I2c_SendSlaveAddressWrite
                0x00001dc8       0x26 Mcal/I2C/I2c.o
                0x00001dc8                M_I2c_SendSlaveAddressWrite
 .text.M_I2c_SendSlaveAddressRead
                0x00001dee       0x2c Mcal/I2C/I2c.o
                0x00001dee                M_I2c_SendSlaveAddressRead
 .text.M_I2c_SendSByte
                0x00001e1a       0x30 Mcal/I2C/I2c.o
                0x00001e1a                M_I2c_SendSByte
 .text.M_I2c_ReadByteNoAck
                0x00001e4a        0xe Mcal/I2C/I2c.o
                0x00001e4a                M_I2c_ReadByteNoAck
 .text.M_I2c_RepeatedStart
                0x00001e58       0x1c Mcal/I2C/I2c.o
                0x00001e58                M_I2c_RepeatedStart
 .text.M_I2c_StopCondition
                0x00001e74       0x1a Mcal/I2C/I2c.o
                0x00001e74                M_I2c_StopCondition
 .text.M_Pwm1_Init
                0x00001e8e       0x2c Mcal/Timer1/Timer1.o
                0x00001e8e                M_Pwm1_Init
 .text.M_Pwm1_SetDutyCycle
                0x00001eba       0x4a Mcal/Timer1/Timer1.o
                0x00001eba                M_Pwm1_SetDutyCycle
 .text.M_Pwm1_SetFrequency
                0x00001f04       0x2a Mcal/Timer1/Timer1.o
                0x00001f04                M_Pwm1_SetFrequency
 .text.M_Pwm1_Start
                0x00001f2e       0x14 Mcal/Timer1/Timer1.o
                0x00001f2e                M_Pwm1_Start
 .text.M_Timer2_Start
                0x00001f42       0x14 Mcal/Timer2/Timer2.o
                0x00001f42                M_Timer2_Start
 .text.M_Timer2_Stop
                0x00001f56       0x14 Mcal/Timer2/Timer2.o
                0x00001f56                M_Timer2_Stop
 .text.M_Pwm2_Init
                0x00001f6a       0x22 Mcal/Timer2/Timer2.o
                0x00001f6a                M_Pwm2_Init
 .text.M_Pwm2_SetDutyCycle
                0x00001f8c       0x40 Mcal/Timer2/Timer2.o
                0x00001f8c                M_Pwm2_SetDutyCycle
 .text.M_Pwm2_Start
                0x00001fcc        0xe Mcal/Timer2/Timer2.o
                0x00001fcc                M_Pwm2_Start
 .text.M_Pwm2_Stop
                0x00001fda        0xe Mcal/Timer2/Timer2.o
                0x00001fda                M_Pwm2_Stop
 .text.M_Uart_Init
                0x00001fe8       0x28 Mcal/Uart/Uart.o
                0x00001fe8                M_Uart_Init
 .text.M_Uart_Write
                0x00002010        0x8 Mcal/Uart/Uart.o
                0x00002010                M_Uart_Write
 .text.M_Uart_Read
                0x00002018        0x8 Mcal/Uart/Uart.o
                0x00002018                M_Uart_Read
 .text.avr-libc.fplib
                0x00002020        0xe d:/programs/7.0/toolchain/avr8/avr8-gnu-toolchain/bin/../lib/gcc/avr/5.4.0/../../../../avr/lib/avr5\libm.a(addsf3.o)
                0x00002020                __subsf3
                0x00002022                __addsf3
 .text.avr-libc.fplib
                0x0000202e       0xcc d:/programs/7.0/toolchain/avr8/avr8-gnu-toolchain/bin/../lib/gcc/avr/5.4.0/../../../../avr/lib/avr5\libm.a(addsf3x.o)
                0x00002050                __addsf3x
 .text.avr-libc.fplib
                0x000020fa        0x8 d:/programs/7.0/toolchain/avr8/avr8-gnu-toolchain/bin/../lib/gcc/avr/5.4.0/../../../../avr/lib/avr5\libm.a(divsf3.o)
                0x000020fa                __divsf3
 .text.avr-libc.fplib
                0x00002102       0xdc d:/programs/7.0/toolchain/avr8/avr8-gnu-toolchain/bin/../lib/gcc/avr/5.4.0/../../../../avr/lib/avr5\libm.a(divsf3x.o)
                0x00002122                __divsf3x
                0x00002128                __divsf3_pse
 .text.avr-libc.fplib
                0x000021de       0x5e d:/programs/7.0/toolchain/avr8/avr8-gnu-toolchain/bin/../lib/gcc/avr/5.4.0/../../../../avr/lib/avr5\libm.a(fixunssfsi.o)
                0x000021de                __fixunssfsi
 .text.avr-libc.fplib
                0x0000223c       0x7a d:/programs/7.0/toolchain/avr8/avr8-gnu-toolchain/bin/../lib/gcc/avr/5.4.0/../../../../avr/lib/avr5\libm.a(floatsisf.o)
                0x0000223c                __floatunsisf
                0x00002240                __floatsisf
 .text.avr-libc.fplib
                0x000022b6        0xc d:/programs/7.0/toolchain/avr8/avr8-gnu-toolchain/bin/../lib/gcc/avr/5.4.0/../../../../avr/lib/avr5\libm.a(fp_inf.o)
                0x000022b6                __fp_inf
 .text.avr-libc.fplib
                0x000022c2        0x6 d:/programs/7.0/toolchain/avr8/avr8-gnu-toolchain/bin/../lib/gcc/avr/5.4.0/../../../../avr/lib/avr5\libm.a(fp_nan.o)
                0x000022c2                __fp_nan
 .text.avr-libc.fplib
                0x000022c8        0xe d:/programs/7.0/toolchain/avr8/avr8-gnu-toolchain/bin/../lib/gcc/avr/5.4.0/../../../../avr/lib/avr5\libm.a(fp_pscA.o)
                0x000022c8                __fp_pscA
 .text.avr-libc.fplib
                0x000022d6        0xe d:/programs/7.0/toolchain/avr8/avr8-gnu-toolchain/bin/../lib/gcc/avr/5.4.0/../../../../avr/lib/avr5\libm.a(fp_pscB.o)
                0x000022d6                __fp_pscB
 .text.avr-libc.fplib
                0x000022e4       0x22 d:/programs/7.0/toolchain/avr8/avr8-gnu-toolchain/bin/../lib/gcc/avr/5.4.0/../../../../avr/lib/avr5\libm.a(fp_round.o)
                0x000022e4                __fp_round
 .text.avr-libc.fplib
                0x00002306       0x44 d:/programs/7.0/toolchain/avr8/avr8-gnu-toolchain/bin/../lib/gcc/avr/5.4.0/../../../../avr/lib/avr5\libm.a(fp_split3.o)
                0x00002306                __fp_split3
                0x00002316                __fp_splitA
 .text.avr-libc.fplib
                0x0000234a        0xe d:/programs/7.0/toolchain/avr8/avr8-gnu-toolchain/bin/../lib/gcc/avr/5.4.0/../../../../avr/lib/avr5\libm.a(fp_zero.o)
                0x0000234a                __fp_zero
                0x0000234c                __fp_szero
 .text.avr-libc.fplib
                0x00002358        0x8 d:/programs/7.0/toolchain/avr8/avr8-gnu-toolchain/bin/../lib/gcc/avr/5.4.0/../../../../avr/lib/avr5\libm.a(mulsf3.o)
                0x00002358                __mulsf3
 .text.avr-libc.fplib
                0x00002360       0xd2 d:/programs/7.0/toolchain/avr8/avr8-gnu-toolchain/bin/../lib/gcc/avr/5.4.0/../../../../avr/lib/avr5\libm.a(mulsf3x.o)
                0x0000237e                __mulsf3x
                0x00002384                __mulsf3_pse
 .text.libgcc.div
                0x00002432       0x28 d:/programs/7.0/toolchain/avr8/avr8-gnu-toolchain/bin/../lib/gcc/avr/5.4.0/avr5\libgcc.a(_divmodhi4.o)
                0x00002432                _div
                0x00002432                __divmodhi4
 .text.libgcc.div
                0x0000245a       0x44 d:/programs/7.0/toolchain/avr8/avr8-gnu-toolchain/bin/../lib/gcc/avr/5.4.0/avr5\libgcc.a(_udivmodsi4.o)
                0x0000245a                __udivmodsi4
 .text.libgcc.div
                0x0000249e       0x2e d:/programs/7.0/toolchain/avr8/avr8-gnu-toolchain/bin/../lib/gcc/avr/5.4.0/avr5\libgcc.a(_divmodsi4.o)
                0x0000249e                __divmodsi4
 .text.libgcc.div
                0x000024cc       0x10 d:/programs/7.0/toolchain/avr8/avr8-gnu-toolchain/bin/../lib/gcc/avr/5.4.0/avr5\libgcc.a(_negsi2.o)
                0x000024cc                __negsi2
 .text.libgcc   0x000024dc        0xc d:/programs/7.0/toolchain/avr8/avr8-gnu-toolchain/bin/../lib/gcc/avr/5.4.0/avr5\libgcc.a(_tablejump2.o)
                0x000024dc                __tablejump2__
 .text.libgcc.mul
                0x000024e8       0x1e d:/programs/7.0/toolchain/avr8/avr8-gnu-toolchain/bin/../lib/gcc/avr/5.4.0/avr5\libgcc.a(_umulhisi3.o)
                0x000024e8                __umulhisi3
 .text.libgcc.mul
                0x00002506       0x16 d:/programs/7.0/toolchain/avr8/avr8-gnu-toolchain/bin/../lib/gcc/avr/5.4.0/avr5\libgcc.a(_muluhisi3.o)
                0x00002506                __muluhisi3
 .text.libgcc.div
                0x0000251c       0x28 d:/programs/7.0/toolchain/avr8/avr8-gnu-toolchain/bin/../lib/gcc/avr/5.4.0/avr5\libgcc.a(_udivmodhi4.o)
                0x0000251c                __udivmodhi4
                0x00002544                . = ALIGN (0x2)
 *(.fini9)
 .fini9         0x00002544        0x0 d:/programs/7.0/toolchain/avr8/avr8-gnu-toolchain/bin/../lib/gcc/avr/5.4.0/avr5\libgcc.a(_exit.o)
                0x00002544                _exit
                0x00002544                exit
 *(.fini9)
 *(.fini8)
 *(.fini8)
 *(.fini7)
 *(.fini7)
 *(.fini6)
 *(.fini6)
 *(.fini5)
 *(.fini5)
 *(.fini4)
 *(.fini4)
 *(.fini3)
 *(.fini3)
 *(.fini2)
 *(.fini2)
 *(.fini1)
 *(.fini1)
 *(.fini0)
 .fini0         0x00002544        0x4 d:/programs/7.0/toolchain/avr8/avr8-gnu-toolchain/bin/../lib/gcc/avr/5.4.0/avr5\libgcc.a(_exit.o)
 *(.fini0)
                0x00002548                _etext = .

.data           0x00800060      0x28a load address 0x00002548
                0x00800060                PROVIDE (__data_start, .)
 *(.data)
 *(.data*)
 *(.gnu.linkonce.d*)
 *(.rodata)
 *(.rodata*)
 .rodata.str1.1
                0x00800060      0x28a App/main.o
                                0x2b7 (size before relaxing)
 *(.gnu.linkonce.r*)
                0x008002ea                . = ALIGN (0x2)
                0x008002ea                _edata = .
                0x008002ea                PROVIDE (__data_end, .)

.bss            0x008002ea        0x1
                0x008002ea                PROVIDE (__bss_start, .)
 *(.bss)
 *(.bss*)
 .bss.AppState  0x008002ea        0x1 App/main.o
                0x008002ea                AppState
 *(COMMON)
                0x008002eb                PROVIDE (__bss_end, .)
                0x00002548                __data_load_start = LOADADDR (.data)
                0x000027d2                __data_load_end = (__data_load_start + SIZEOF (.data))

.noinit         0x008002eb        0x0
                [!provide]                PROVIDE (__noinit_start, .)
 *(.noinit*)
                [!provide]                PROVIDE (__noinit_end, .)
                0x008002eb                _end = .
                [!provide]                PROVIDE (__heap_start, .)

.eeprom         0x00810000        0x0
 *(.eeprom*)
                0x00810000                __eeprom_end = .

.fuse
 *(.fuse)
 *(.lfuse)
 *(.hfuse)
 *(.efuse)

.lock
 *(.lock*)

.signature
 *(.signature*)

.user_signatures
 *(.user_signatures*)

.stab
 *(.stab)

.stabstr
 *(.stabstr)

.stab.excl
 *(.stab.excl)

.stab.exclstr
 *(.stab.exclstr)

.stab.index
 *(.stab.index)

.stab.indexstr
 *(.stab.indexstr)

.comment        0x00000000       0x30
 *(.comment)
 .comment       0x00000000       0x30 App/main.o
                                 0x31 (size before relaxing)
 .comment       0x00000030       0x31 Hal/Buzzer/Buzzer.o
 .comment       0x00000030       0x31 Hal/DcMotor/DcMotor.o
 .comment       0x00000030       0x31 Hal/EEPROM/Eeprom.o
 .comment       0x00000030       0x31 Hal/Hc05/Hc05.o
 .comment       0x00000030       0x31 Hal/Keypad/KeyPad.o
 .comment       0x00000030       0x31 Hal/Lcd/Lcd.o
 .comment       0x00000030       0x31 Hal/Led/Led.o
 .comment       0x00000030       0x31 Hal/LM35/Lm35.o
 .comment       0x00000030       0x31 Hal/PushButton/PushButton.o
 .comment       0x00000030       0x31 Hal/Relay/Relay.o
 .comment       0x00000030       0x31 Hal/Servo/Servo.o
 .comment       0x00000030       0x31 Mcal/Adc/Adc.o
 .comment       0x00000030       0x31 Mcal/Dio/Dio.o
 .comment       0x00000030       0x31 Mcal/I2C/I2c.o
 .comment       0x00000030       0x31 Mcal/Timer1/Timer1.o
 .comment       0x00000030       0x31 Mcal/Timer2/Timer2.o
 .comment       0x00000030       0x31 Mcal/Uart/Uart.o

.note.gnu.avr.deviceinfo
                0x00000000       0x3c
 .note.gnu.avr.deviceinfo
                0x00000000       0x3c D:/Programs/7.0/Packs/atmel/ATmega_DFP/1.6.364/gcc/dev/atmega32/avr5/crtatmega32.o

.note.gnu.build-id
 *(.note.gnu.build-id)

.debug
 *(.debug)

.line
 *(.line)

.debug_srcinfo
 *(.debug_srcinfo)

.debug_sfnames
 *(.debug_sfnames)

.debug_aranges  0x00000000      0x4a0
 *(.debug_aranges)
 .debug_aranges
                0x00000000       0xb0 App/main.o
 .debug_aranges
                0x000000b0       0x40 Hal/Buzzer/Buzzer.o
 .debug_aranges
                0x000000f0       0x40 Hal/DcMotor/DcMotor.o
 .debug_aranges
                0x00000130       0x30 Hal/EEPROM/Eeprom.o
 .debug_aranges
                0x00000160       0x38 Hal/Hc05/Hc05.o
 .debug_aranges
                0x00000198       0x28 Hal/Keypad/KeyPad.o
 .debug_aranges
                0x000001c0       0x50 Hal/Lcd/Lcd.o
 .debug_aranges
                0x00000210       0x40 Hal/Led/Led.o
 .debug_aranges
                0x00000250       0x28 Hal/LM35/Lm35.o
 .debug_aranges
                0x00000278       0x28 Hal/PushButton/PushButton.o
 .debug_aranges
                0x000002a0       0x30 Hal/Relay/Relay.o
 .debug_aranges
                0x000002d0       0x30 Hal/Servo/Servo.o
 .debug_aranges
                0x00000300       0x30 Mcal/Adc/Adc.o
 .debug_aranges
                0x00000330       0x40 Mcal/Dio/Dio.o
 .debug_aranges
                0x00000370       0x60 Mcal/I2C/I2c.o
 .debug_aranges
                0x000003d0       0x40 Mcal/Timer1/Timer1.o
 .debug_aranges
                0x00000410       0x60 Mcal/Timer2/Timer2.o
 .debug_aranges
                0x00000470       0x30 Mcal/Uart/Uart.o

.debug_pubnames
 *(.debug_pubnames)

.debug_info     0x00000000     0x5af1
 *(.debug_info .gnu.linkonce.wi.*)
 .debug_info    0x00000000      0x4e6 D:/Programs/7.0/Packs/atmel/ATmega_DFP/1.6.364/gcc/dev/atmega32/avr5/crtatmega32.o
 .debug_info    0x000004e6     0x26ed App/main.o
 .debug_info    0x00002bd3      0x226 Hal/Buzzer/Buzzer.o
 .debug_info    0x00002df9      0x20e Hal/DcMotor/DcMotor.o
 .debug_info    0x00003007      0x259 Hal/EEPROM/Eeprom.o
 .debug_info    0x00003260      0x228 Hal/Hc05/Hc05.o
 .debug_info    0x00003488      0xc69 Hal/Keypad/KeyPad.o
 .debug_info    0x000040f1      0x6da Hal/Lcd/Lcd.o
 .debug_info    0x000047cb      0x27f Hal/Led/Led.o
 .debug_info    0x00004a4a      0x11b Hal/LM35/Lm35.o
 .debug_info    0x00004b65       0xf4 Hal/PushButton/PushButton.o
 .debug_info    0x00004c59      0x125 Hal/Relay/Relay.o
 .debug_info    0x00004d7e      0x190 Hal/Servo/Servo.o
 .debug_info    0x00004f0e      0x181 Mcal/Adc/Adc.o
 .debug_info    0x0000508f      0x1fa Mcal/Dio/Dio.o
 .debug_info    0x00005289      0x35b Mcal/I2C/I2c.o
 .debug_info    0x000055e4      0x178 Mcal/Timer1/Timer1.o
 .debug_info    0x0000575c      0x2bd Mcal/Timer2/Timer2.o
 .debug_info    0x00005a19       0xd8 Mcal/Uart/Uart.o

.debug_abbrev   0x00000000     0x16a5
 *(.debug_abbrev)
 .debug_abbrev  0x00000000      0x4a3 D:/Programs/7.0/Packs/atmel/ATmega_DFP/1.6.364/gcc/dev/atmega32/avr5/crtatmega32.o
 .debug_abbrev  0x000004a3      0x222 App/main.o
 .debug_abbrev  0x000006c5       0xf1 Hal/Buzzer/Buzzer.o
 .debug_abbrev  0x000007b6       0xa3 Hal/DcMotor/DcMotor.o
 .debug_abbrev  0x00000859       0xdd Hal/EEPROM/Eeprom.o
 .debug_abbrev  0x00000936      0x159 Hal/Hc05/Hc05.o
 .debug_abbrev  0x00000a8f      0x13b Hal/Keypad/KeyPad.o
 .debug_abbrev  0x00000bca      0x1f2 Hal/Lcd/Lcd.o
 .debug_abbrev  0x00000dbc      0x127 Hal/Led/Led.o
 .debug_abbrev  0x00000ee3       0xaa Hal/LM35/Lm35.o
 .debug_abbrev  0x00000f8d       0x9c Hal/PushButton/PushButton.o
 .debug_abbrev  0x00001029       0x6f Hal/Relay/Relay.o
 .debug_abbrev  0x00001098       0xbd Hal/Servo/Servo.o
 .debug_abbrev  0x00001155       0xef Mcal/Adc/Adc.o
 .debug_abbrev  0x00001244       0xb8 Mcal/Dio/Dio.o
 .debug_abbrev  0x000012fc      0x14f Mcal/I2C/I2c.o
 .debug_abbrev  0x0000144b       0xac Mcal/Timer1/Timer1.o
 .debug_abbrev  0x000014f7      0x12e Mcal/Timer2/Timer2.o
 .debug_abbrev  0x00001625       0x80 Mcal/Uart/Uart.o

.debug_line     0x00000000     0x2b3c
 *(.debug_line .debug_line.* .debug_line_end)
 .debug_line    0x00000000      0x116 D:/Programs/7.0/Packs/atmel/ATmega_DFP/1.6.364/gcc/dev/atmega32/avr5/crtatmega32.o
 .debug_line    0x00000116     0x10bb App/main.o
 .debug_line    0x000011d1      0x161 Hal/Buzzer/Buzzer.o
 .debug_line    0x00001332       0xfb Hal/DcMotor/DcMotor.o
 .debug_line    0x0000142d       0xee Hal/EEPROM/Eeprom.o
 .debug_line    0x0000151b      0x182 Hal/Hc05/Hc05.o
 .debug_line    0x0000169d      0x492 Hal/Keypad/KeyPad.o
 .debug_line    0x00001b2f      0x350 Hal/Lcd/Lcd.o
 .debug_line    0x00001e7f      0x176 Hal/Led/Led.o
 .debug_line    0x00001ff5       0x92 Hal/LM35/Lm35.o
 .debug_line    0x00002087       0x98 Hal/PushButton/PushButton.o
 .debug_line    0x0000211f       0x89 Hal/Relay/Relay.o
 .debug_line    0x000021a8       0xdd Hal/Servo/Servo.o
 .debug_line    0x00002285       0xdd Mcal/Adc/Adc.o
 .debug_line    0x00002362      0x1e1 Mcal/Dio/Dio.o
 .debug_line    0x00002543      0x2a7 Mcal/I2C/I2c.o
 .debug_line    0x000027ea       0xfa Mcal/Timer1/Timer1.o
 .debug_line    0x000028e4      0x18c Mcal/Timer2/Timer2.o
 .debug_line    0x00002a70       0xcc Mcal/Uart/Uart.o

.debug_frame    0x00000000      0x948
 *(.debug_frame)
 .debug_frame   0x00000000      0x25c App/main.o
 .debug_frame   0x0000025c       0x64 Hal/Buzzer/Buzzer.o
 .debug_frame   0x000002c0       0x64 Hal/DcMotor/DcMotor.o
 .debug_frame   0x00000324       0x60 Hal/EEPROM/Eeprom.o
 .debug_frame   0x00000384       0x64 Hal/Hc05/Hc05.o
 .debug_frame   0x000003e8       0x3c Hal/Keypad/KeyPad.o
 .debug_frame   0x00000424      0x110 Hal/Lcd/Lcd.o
 .debug_frame   0x00000534       0x6c Hal/Led/Led.o
 .debug_frame   0x000005a0       0x34 Hal/LM35/Lm35.o
 .debug_frame   0x000005d4       0x34 Hal/PushButton/PushButton.o
 .debug_frame   0x00000608       0x44 Hal/Relay/Relay.o
 .debug_frame   0x0000064c       0x44 Hal/Servo/Servo.o
 .debug_frame   0x00000690       0x44 Mcal/Adc/Adc.o
 .debug_frame   0x000006d4       0x64 Mcal/Dio/Dio.o
 .debug_frame   0x00000738       0xa4 Mcal/I2C/I2c.o
 .debug_frame   0x000007dc       0x78 Mcal/Timer1/Timer1.o
 .debug_frame   0x00000854       0xb0 Mcal/Timer2/Timer2.o
 .debug_frame   0x00000904       0x44 Mcal/Uart/Uart.o

.debug_str      0x00000000      0xee9
 *(.debug_str)
 .debug_str     0x00000000      0x196 D:/Programs/7.0/Packs/atmel/ATmega_DFP/1.6.364/gcc/dev/atmega32/avr5/crtatmega32.o
 .debug_str     0x00000196      0x578 App/main.o
                                0x5d3 (size before relaxing)
 .debug_str     0x0000070e       0x5c Hal/Buzzer/Buzzer.o
                                0x24b (size before relaxing)
 .debug_str     0x0000076a       0x74 Hal/DcMotor/DcMotor.o
                                0x26f (size before relaxing)
 .debug_str     0x000007de       0xf2 Hal/EEPROM/Eeprom.o
                                0x2a1 (size before relaxing)
 .debug_str     0x000008d0       0x5e Hal/Hc05/Hc05.o
                                0x269 (size before relaxing)
 .debug_str     0x0000092e       0x5f Hal/Keypad/KeyPad.o
                                0x269 (size before relaxing)
 .debug_str     0x0000098d       0xc9 Hal/Lcd/Lcd.o
                                0x338 (size before relaxing)
 .debug_str     0x00000a56       0x3b Hal/Led/Led.o
                                0x24b (size before relaxing)
 .debug_str     0x00000a91       0x4d Hal/LM35/Lm35.o
                                0x1e9 (size before relaxing)
 .debug_str     0x00000ade       0x84 Hal/PushButton/PushButton.o
                                0x1ce (size before relaxing)
 .debug_str     0x00000b62       0x15 Hal/Relay/Relay.o
                                0x1da (size before relaxing)
 .debug_str     0x00000b77       0x89 Hal/Servo/Servo.o
                                0x23e (size before relaxing)
 .debug_str     0x00000c00       0x7f Mcal/Adc/Adc.o
                                0x227 (size before relaxing)
 .debug_str     0x00000c7f       0x92 Mcal/Dio/Dio.o
                                0x238 (size before relaxing)
 .debug_str     0x00000d11       0x40 Mcal/I2C/I2c.o
                                0x2d3 (size before relaxing)
 .debug_str     0x00000d51       0x4e Mcal/Timer1/Timer1.o
                                0x24c (size before relaxing)
 .debug_str     0x00000d9f      0x121 Mcal/Timer2/Timer2.o
                                0x328 (size before relaxing)
 .debug_str     0x00000ec0       0x29 Mcal/Uart/Uart.o
                                0x1ba (size before relaxing)

.debug_loc      0x00000000     0x32e2
 *(.debug_loc)
 .debug_loc     0x00000000     0x1b08 App/main.o
 .debug_loc     0x00001b08       0x48 Hal/Buzzer/Buzzer.o
 .debug_loc     0x00001b50       0x42 Hal/DcMotor/DcMotor.o
 .debug_loc     0x00001b92      0x17c Hal/EEPROM/Eeprom.o
 .debug_loc     0x00001d0e      0x136 Hal/Hc05/Hc05.o
 .debug_loc     0x00001e44      0x64d Hal/Keypad/KeyPad.o
 .debug_loc     0x00002491      0x656 Hal/Lcd/Lcd.o
 .debug_loc     0x00002ae7      0x11a Hal/Led/Led.o
 .debug_loc     0x00002c01       0x18 Hal/LM35/Lm35.o
 .debug_loc     0x00002c19       0x1f Hal/PushButton/PushButton.o
 .debug_loc     0x00002c38       0x70 Hal/Servo/Servo.o
 .debug_loc     0x00002ca8       0x37 Mcal/Adc/Adc.o
 .debug_loc     0x00002cdf      0x27a Mcal/Dio/Dio.o
 .debug_loc     0x00002f59      0x21d Mcal/I2C/I2c.o
 .debug_loc     0x00003176       0xb3 Mcal/Timer1/Timer1.o
 .debug_loc     0x00003229       0x97 Mcal/Timer2/Timer2.o
 .debug_loc     0x000032c0       0x22 Mcal/Uart/Uart.o

.debug_macinfo
 *(.debug_macinfo)

.debug_weaknames
 *(.debug_weaknames)

.debug_funcnames
 *(.debug_funcnames)

.debug_typenames
 *(.debug_typenames)

.debug_varnames
 *(.debug_varnames)

.debug_pubtypes
 *(.debug_pubtypes)

.debug_ranges   0x00000000      0x3c8
 *(.debug_ranges)
 .debug_ranges  0x00000000       0xe8 App/main.o
 .debug_ranges  0x000000e8       0x30 Hal/Buzzer/Buzzer.o
 .debug_ranges  0x00000118       0x30 Hal/DcMotor/DcMotor.o
 .debug_ranges  0x00000148       0x20 Hal/EEPROM/Eeprom.o
 .debug_ranges  0x00000168       0x28 Hal/Hc05/Hc05.o
 .debug_ranges  0x00000190       0x18 Hal/Keypad/KeyPad.o
 .debug_ranges  0x000001a8       0x40 Hal/Lcd/Lcd.o
 .debug_ranges  0x000001e8       0x30 Hal/Led/Led.o
 .debug_ranges  0x00000218       0x18 Hal/LM35/Lm35.o
 .debug_ranges  0x00000230       0x18 Hal/PushButton/PushButton.o
 .debug_ranges  0x00000248       0x20 Hal/Relay/Relay.o
 .debug_ranges  0x00000268       0x20 Hal/Servo/Servo.o
 .debug_ranges  0x00000288       0x20 Mcal/Adc/Adc.o
 .debug_ranges  0x000002a8       0x30 Mcal/Dio/Dio.o
 .debug_ranges  0x000002d8       0x50 Mcal/I2C/I2c.o
 .debug_ranges  0x00000328       0x30 Mcal/Timer1/Timer1.o
 .debug_ranges  0x00000358       0x50 Mcal/Timer2/Timer2.o
 .debug_ranges  0x000003a8       0x20 Mcal/Uart/Uart.o

.debug_macro
 *(.debug_macro)
OUTPUT(SmartHome.elf elf32-avr)
LOAD linker stubs
